../Core/Src/main.c:83:6:HAL_CAN_RxFifo0MsgPendingCallback	16	static
../Core/Src/main.c:126:6:motorRead	24	static
../Core/Src/main.c:159:6:delay_us	24	static,ignoring_inline_asm
../Core/Src/main.c:170:6:data	16	static
../Core/Src/main.c:175:6:clock	16	static
../Core/Src/main.c:180:6:start	16	static
../Core/Src/main.c:188:6:stop	16	static
../Core/Src/main.c:199:6:ack	16	static
../Core/Src/main.c:208:6:dispByte	24	static
../Core/Src/main.c:222:6:brightness	16	static
../Core/Src/main.c:229:6:dispData	32	static
../Core/Src/main.c:242:6:dispNumber	64	dynamic
../Core/Src/main.c:264:5:main	16	static
../Core/Src/main.c:319:6:SystemClock_Config	72	static
../Core/Src/main.c:358:13:MX_CAN_Init	48	static
../Core/Src/main.c:409:13:MX_USART2_UART_Init	8	static
../Core/Src/main.c:444:13:MX_GPIO_Init	40	static
../Core/Src/main.c:491:6:Error_Handler	4	static,ignoring_inline_asm
