../Core/Src/main.c:73:6:HAL_CAN_RxFifo0MsgPendingCallback	16	static
../Core/Src/main.c:99:6:waitForMessage	16	static
../Core/Src/main.c:107:6:getRPM	8	static
../Core/Src/main.c:144:6:delay_us	24	static,ignoring_inline_asm
../Core/Src/main.c:155:6:data	16	static
../Core/Src/main.c:160:6:clock	16	static
../Core/Src/main.c:165:6:start	16	static
../Core/Src/main.c:173:6:stop	16	static
../Core/Src/main.c:184:6:ack	16	static
../Core/Src/main.c:193:6:dispByte	24	static
../Core/Src/main.c:207:6:brightness	16	static
../Core/Src/main.c:214:6:dispData	32	static
../Core/Src/main.c:227:6:dispNumber	64	dynamic
../Core/Src/main.c:250:5:main	16	static
../Core/Src/main.c:304:6:SystemClock_Config	72	static
../Core/Src/main.c:343:13:MX_CAN_Init	48	static
../Core/Src/main.c:394:13:MX_USART2_UART_Init	8	static
../Core/Src/main.c:429:13:MX_GPIO_Init	40	static
../Core/Src/main.c:464:6:Error_Handler	4	static,ignoring_inline_asm
